Daemon process terminated and closed the connection

Messages from the log:
[NX v22.3.3 Daemon Server] - 2025-12-30T15:28:41.184Z - [SYNC]: clearing sync generators cache due to file changes
[NX v22.3.3 Daemon Server] - 2025-12-30T15:28:41.248Z - [WATCHER]: .nx/workspace-data/d/daemon.log was modified
[NX v22.3.3 Daemon Server] - 2025-12-30T15:28:41.249Z - [SYNC]: clearing sync generators cache due to file changes
[NX v22.3.3 Daemon Server] - 2025-12-30T15:28:41.289Z - Time taken for 'Load Nx Plugin: C:\Users\mariu\WebstormProjects\Sideboard\node_modules\nx\src\plugins\project-json\build-nodes\project-json' 384.59620000000007ms
[NX v22.3.3 Daemon Server] - 2025-12-30T15:28:41.293Z - Time taken for 'Load Nx Plugin: C:\Users\mariu\WebstormProjects\Sideboard\node_modules\nx\src\plugins\package-json' 389.34029999999996ms
[NX v22.3.3 Daemon Server] - 2025-12-30T15:28:41.296Z - Time taken for 'loadDefaultNxPlugins' 393.7169ms
[NX v22.3.3 Daemon Server] - 2025-12-30T15:28:41.310Z - [WATCHER]: .nx/workspace-data/d/daemon.log was modified
[NX v22.3.3 Daemon Server] - 2025-12-30T15:28:41.310Z - [SYNC]: clearing sync generators cache due to file changes
[NX v22.3.3 Daemon Server] - 2025-12-30T15:28:41.373Z - [WATCHER]: .nx/workspace-data/d/daemon.log was modified
[NX v22.3.3 Daemon Server] - 2025-12-30T15:28:41.374Z - [SYNC]: clearing sync generators cache due to file changes
[NX v22.3.3 Daemon Server] - 2025-12-30T15:28:41.434Z - [WATCHER]: .nx/workspace-data/d/daemon.log was modified
[NX v22.3.3 Daemon Server] - 2025-12-30T15:28:41.435Z - [SYNC]: clearing sync generators cache due to file changes
[NX v22.3.3 Daemon Server] - 2025-12-30T15:28:41.448Z - Started listening on: \\.\pipe\nx\C:\Users\mariu\AppData\Local\Temp\730398237044822fe06b\d.sock
[NX v22.3.3 Daemon Server] - 2025-12-30T15:28:41.450Z - [WATCHER]: Subscribed to changes within: C:\Users\mariu\WebstormProjects\Sideboard (native)
[NX v22.3.3 Daemon Server] - 2025-12-30T15:28:41.450Z - [NX-CONSOLE]: Pulling latest Nx (latest) to check console status...
Fetching nx...
[NX v22.3.3 Daemon Server] - 2025-12-30T15:28:41.465Z - Closed a connection. Number of open connections: 0
[NX v22.3.3 Daemon Server] - 2025-12-30T15:28:41.466Z - [WATCHER]: Stopping the watcher for C:\Users\mariu\WebstormProjects\Sideboard (sources)
[NX v22.3.3 Daemon Server] - 2025-12-30T15:28:41.466Z - [WATCHER]: Stopping the watcher for C:\Users\mariu\WebstormProjects\Sideboard (outputs)



More information: C:\Users\mariu\WebstormProjects\Sideboard\.nx\workspace-data\d\daemon.log